[0.011s] Invoking command in '/home/v005101/Documents/quadruped_robotics/src/build/vanh_description': CMAKE_PREFIX_PATH=${CMAKE_PREFIX_PATH}:/opt/ros/humble /usr/bin/cmake /home/v005101/Documents/quadruped_robotics/src/vanh_description -DAMENT_CMAKE_SYMLINK_INSTALL=1 -DCMAKE_INSTALL_PREFIX=/home/v005101/Documents/quadruped_robotics/src/install/vanh_description
[0.207s] -- The C compiler identification is GNU 11.4.0
[0.250s] -- The CXX compiler identification is GNU 11.4.0
[0.255s] -- Detecting C compiler ABI info
[0.301s] -- Detecting C compiler ABI info - done
[0.307s] -- Check for working C compiler: /usr/bin/cc - skipped
[0.307s] -- Detecting C compile features
[0.307s] -- Detecting C compile features - done
[0.310s] -- Detecting CXX compiler ABI info
[0.362s] -- Detecting CXX compiler ABI info - done
[0.366s] -- Check for working CXX compiler: /usr/bin/c++ - skipped
[0.367s] -- Detecting CXX compile features
[0.367s] -- Detecting CXX compile features - done
[0.368s] -- Found ament_cmake: 1.3.14 (/opt/ros/humble/share/ament_cmake/cmake)
[0.476s] -- Found Python3: /usr/bin/python3 (found version "3.10.12") found components: Interpreter 
[0.525s] -- Override CMake install command with custom implementation using symlinks instead of copying resources
[0.597s] -- Found ament_lint_auto: 0.12.15 (/opt/ros/humble/share/ament_lint_auto/cmake)
[0.791s] -- Added test 'flake8' to check Python code syntax and style conventions
[0.798s] -- Added test 'lint_cmake' to check CMake code style
[0.799s] -- Added test 'pep257' to check Python code against some of the docstring style conventions in PEP 257
[0.802s] -- Added test 'xmllint' to check XML markup files
[0.808s] -- Configuring done
[0.812s] -- Generating done
[0.815s] -- Build files have been written to: /home/v005101/Documents/quadruped_robotics/src/build/vanh_description
[0.825s] Invoked command in '/home/v005101/Documents/quadruped_robotics/src/build/vanh_description' returned '0': CMAKE_PREFIX_PATH=${CMAKE_PREFIX_PATH}:/opt/ros/humble /usr/bin/cmake /home/v005101/Documents/quadruped_robotics/src/vanh_description -DAMENT_CMAKE_SYMLINK_INSTALL=1 -DCMAKE_INSTALL_PREFIX=/home/v005101/Documents/quadruped_robotics/src/install/vanh_description
[0.829s] Invoking command in '/home/v005101/Documents/quadruped_robotics/src/build/vanh_description': CMAKE_PREFIX_PATH=${CMAKE_PREFIX_PATH}:/opt/ros/humble /usr/bin/cmake --build /home/v005101/Documents/quadruped_robotics/src/build/vanh_description -- -j8 -l8
[0.876s] Invoked command in '/home/v005101/Documents/quadruped_robotics/src/build/vanh_description' returned '0': CMAKE_PREFIX_PATH=${CMAKE_PREFIX_PATH}:/opt/ros/humble /usr/bin/cmake --build /home/v005101/Documents/quadruped_robotics/src/build/vanh_description -- -j8 -l8
[0.878s] Invoking command in '/home/v005101/Documents/quadruped_robotics/src/build/vanh_description': CMAKE_PREFIX_PATH=${CMAKE_PREFIX_PATH}:/opt/ros/humble /usr/bin/cmake --install /home/v005101/Documents/quadruped_robotics/src/build/vanh_description
[0.882s] -- Install configuration: ""
[0.883s] -- Execute custom install script
[0.883s] -- Symlinking: /home/v005101/Documents/quadruped_robotics/src/install/vanh_description/share/vanh_description/meshes/back_left_link_1.STL
[0.889s] -- Symlinking: /home/v005101/Documents/quadruped_robotics/src/install/vanh_description/share/vanh_description/meshes/back_left_link_2.STL
[0.894s] -- Symlinking: /home/v005101/Documents/quadruped_robotics/src/install/vanh_description/share/vanh_description/meshes/back_left_link_3.STL
[0.899s] -- Symlinking: /home/v005101/Documents/quadruped_robotics/src/install/vanh_description/share/vanh_description/meshes/back_right_link_1.STL
[0.905s] -- Symlinking: /home/v005101/Documents/quadruped_robotics/src/install/vanh_description/share/vanh_description/meshes/back_right_link_2.STL
[0.911s] -- Symlinking: /home/v005101/Documents/quadruped_robotics/src/install/vanh_description/share/vanh_description/meshes/back_right_link_3.STL
[0.917s] -- Symlinking: /home/v005101/Documents/quadruped_robotics/src/install/vanh_description/share/vanh_description/meshes/chassis_link.STL
[0.923s] -- Symlinking: /home/v005101/Documents/quadruped_robotics/src/install/vanh_description/share/vanh_description/meshes/front_left_link_1.STL
[0.929s] -- Symlinking: /home/v005101/Documents/quadruped_robotics/src/install/vanh_description/share/vanh_description/meshes/front_left_link_2.STL
[0.934s] -- Symlinking: /home/v005101/Documents/quadruped_robotics/src/install/vanh_description/share/vanh_description/meshes/front_left_link_3.STL
[0.940s] -- Symlinking: /home/v005101/Documents/quadruped_robotics/src/install/vanh_description/share/vanh_description/meshes/front_right_link_1.STL
[0.949s] -- Symlinking: /home/v005101/Documents/quadruped_robotics/src/install/vanh_description/share/vanh_description/meshes/front_right_link_2.STL
[0.953s] -- Symlinking: /home/v005101/Documents/quadruped_robotics/src/install/vanh_description/share/vanh_description/meshes/front_right_link_3.STL
[0.959s] -- Symlinking: /home/v005101/Documents/quadruped_robotics/src/install/vanh_description/share/vanh_description/meshes/left_camera_link.STL
[0.965s] -- Symlinking: /home/v005101/Documents/quadruped_robotics/src/install/vanh_description/share/vanh_description/meshes/lid_link.STL
[0.970s] -- Symlinking: /home/v005101/Documents/quadruped_robotics/src/install/vanh_description/share/vanh_description/meshes/lidar_link.STL
[0.978s] -- Symlinking: /home/v005101/Documents/quadruped_robotics/src/install/vanh_description/share/vanh_description/meshes/right_camera_link.STL
[0.984s] -- Symlinking: /home/v005101/Documents/quadruped_robotics/src/install/vanh_description/share/vanh_description/urdf/robot_description.urdf
[0.990s] -- Symlinking: /home/v005101/Documents/quadruped_robotics/src/install/vanh_description/share/vanh_description/urdf/robot_reinforcement.urdf
[0.995s] -- Symlinking: /home/v005101/Documents/quadruped_robotics/src/install/vanh_description/share/vanh_description/rviz/rviz.rviz
[1.002s] -- Symlinking: /home/v005101/Documents/quadruped_robotics/src/install/vanh_description/share/vanh_description/config/vanh.urdf.xacro
[1.009s] -- Symlinking: /home/v005101/Documents/quadruped_robotics/src/install/vanh_description/share/vanh_description/launch/view_model.launch.py
[1.015s] -- Symlinking: /home/v005101/Documents/quadruped_robotics/src/install/vanh_description/share/vanh_description/meshes_rl/back_left_link_1.STL
[1.022s] -- Symlinking: /home/v005101/Documents/quadruped_robotics/src/install/vanh_description/share/vanh_description/meshes_rl/back_left_link_2.STL
[1.029s] -- Symlinking: /home/v005101/Documents/quadruped_robotics/src/install/vanh_description/share/vanh_description/meshes_rl/back_left_link_3.STL
[1.034s] -- Symlinking: /home/v005101/Documents/quadruped_robotics/src/install/vanh_description/share/vanh_description/meshes_rl/back_left_link_4.STL
[1.040s] -- Symlinking: /home/v005101/Documents/quadruped_robotics/src/install/vanh_description/share/vanh_description/meshes_rl/back_right_link_1.STL
[1.046s] -- Symlinking: /home/v005101/Documents/quadruped_robotics/src/install/vanh_description/share/vanh_description/meshes_rl/back_right_link_2.STL
[1.051s] -- Symlinking: /home/v005101/Documents/quadruped_robotics/src/install/vanh_description/share/vanh_description/meshes_rl/back_right_link_3.STL
[1.057s] -- Symlinking: /home/v005101/Documents/quadruped_robotics/src/install/vanh_description/share/vanh_description/meshes_rl/back_right_link_4.STL
[1.062s] -- Symlinking: /home/v005101/Documents/quadruped_robotics/src/install/vanh_description/share/vanh_description/meshes_rl/chassis_link.STL
[1.067s] -- Symlinking: /home/v005101/Documents/quadruped_robotics/src/install/vanh_description/share/vanh_description/meshes_rl/front_left_link_1.STL
[1.073s] -- Symlinking: /home/v005101/Documents/quadruped_robotics/src/install/vanh_description/share/vanh_description/meshes_rl/front_left_link_2.STL
[1.078s] -- Symlinking: /home/v005101/Documents/quadruped_robotics/src/install/vanh_description/share/vanh_description/meshes_rl/front_left_link_3.STL
[1.084s] -- Symlinking: /home/v005101/Documents/quadruped_robotics/src/install/vanh_description/share/vanh_description/meshes_rl/front_left_link_4.STL
[1.090s] -- Symlinking: /home/v005101/Documents/quadruped_robotics/src/install/vanh_description/share/vanh_description/meshes_rl/front_right_link_1.STL
[1.096s] -- Symlinking: /home/v005101/Documents/quadruped_robotics/src/install/vanh_description/share/vanh_description/meshes_rl/front_right_link_2.STL
[1.102s] -- Symlinking: /home/v005101/Documents/quadruped_robotics/src/install/vanh_description/share/vanh_description/meshes_rl/front_right_link_3.STL
[1.109s] -- Symlinking: /home/v005101/Documents/quadruped_robotics/src/install/vanh_description/share/vanh_description/meshes_rl/front_right_link_4.STL
[1.115s] -- Symlinking: /home/v005101/Documents/quadruped_robotics/src/install/vanh_description/share/vanh_description/meshes_rl/left_camera_link.STL
[1.121s] -- Symlinking: /home/v005101/Documents/quadruped_robotics/src/install/vanh_description/share/vanh_description/meshes_rl/lid_link.STL
[1.126s] -- Symlinking: /home/v005101/Documents/quadruped_robotics/src/install/vanh_description/share/vanh_description/meshes_rl/lidar_link.STL
[1.131s] -- Symlinking: /home/v005101/Documents/quadruped_robotics/src/install/vanh_description/share/vanh_description/meshes_rl/right_camera_link.STL
[1.137s] -- Symlinking: /home/v005101/Documents/quadruped_robotics/src/install/vanh_description/share/ament_index/resource_index/package_run_dependencies/vanh_description
[1.142s] -- Symlinking: /home/v005101/Documents/quadruped_robotics/src/install/vanh_description/share/ament_index/resource_index/parent_prefix_path/vanh_description
[1.148s] -- Symlinking: /home/v005101/Documents/quadruped_robotics/src/install/vanh_description/share/vanh_description/environment/ament_prefix_path.sh
[1.153s] -- Symlinking: /home/v005101/Documents/quadruped_robotics/src/install/vanh_description/share/vanh_description/environment/ament_prefix_path.dsv
[1.159s] -- Symlinking: /home/v005101/Documents/quadruped_robotics/src/install/vanh_description/share/vanh_description/environment/path.sh
[1.164s] -- Symlinking: /home/v005101/Documents/quadruped_robotics/src/install/vanh_description/share/vanh_description/environment/path.dsv
[1.168s] -- Symlinking: /home/v005101/Documents/quadruped_robotics/src/install/vanh_description/share/vanh_description/local_setup.bash
[1.173s] -- Symlinking: /home/v005101/Documents/quadruped_robotics/src/install/vanh_description/share/vanh_description/local_setup.sh
[1.178s] -- Symlinking: /home/v005101/Documents/quadruped_robotics/src/install/vanh_description/share/vanh_description/local_setup.zsh
[1.183s] -- Symlinking: /home/v005101/Documents/quadruped_robotics/src/install/vanh_description/share/vanh_description/local_setup.dsv
[1.188s] -- Symlinking: /home/v005101/Documents/quadruped_robotics/src/install/vanh_description/share/vanh_description/package.dsv
[1.193s] -- Symlinking: /home/v005101/Documents/quadruped_robotics/src/install/vanh_description/share/ament_index/resource_index/packages/vanh_description
[1.203s] -- Symlinking: /home/v005101/Documents/quadruped_robotics/src/install/vanh_description/share/vanh_description/cmake/vanh_descriptionConfig.cmake
[1.211s] -- Symlinking: /home/v005101/Documents/quadruped_robotics/src/install/vanh_description/share/vanh_description/cmake/vanh_descriptionConfig-version.cmake
[1.216s] -- Symlinking: /home/v005101/Documents/quadruped_robotics/src/install/vanh_description/share/vanh_description/package.xml
[1.249s] Invoked command in '/home/v005101/Documents/quadruped_robotics/src/build/vanh_description' returned '0': CMAKE_PREFIX_PATH=${CMAKE_PREFIX_PATH}:/opt/ros/humble /usr/bin/cmake --install /home/v005101/Documents/quadruped_robotics/src/build/vanh_description
