[1.332s] Invoking command in '/home/v005101/Documents/quadruped_robotics/src/build/vanh_ros_control': AMENT_PREFIX_PATH=/home/v005101/Documents/quadruped_robotics/src/install/vanh_msgs:${AMENT_PREFIX_PATH} CMAKE_PREFIX_PATH=/home/v005101/Documents/quadruped_robotics/src/install/vanh_msgs:${CMAKE_PREFIX_PATH} PYTHONPATH=/home/v005101/Documents/quadruped_robotics/src/build/vanh_ros_control/prefix_override:/usr/lib/python3/dist-packages/colcon_core/task/python/colcon_distutils_commands:/home/v005101/Documents/quadruped_robotics/src/install/vanh_ros_control/lib/python3.10/site-packages:${PYTHONPATH} /usr/bin/python3 -W ignore:setup.py install is deprecated -W ignore:easy_install command is deprecated setup.py develop --editable --build-directory /home/v005101/Documents/quadruped_robotics/src/build/vanh_ros_control/build --no-deps symlink_data
[1.503s] running develop
[1.624s] running egg_info
[1.624s] creating vanh_ros_control.egg-info
[1.624s] writing vanh_ros_control.egg-info/PKG-INFO
[1.624s] writing dependency_links to vanh_ros_control.egg-info/dependency_links.txt
[1.624s] writing entry points to vanh_ros_control.egg-info/entry_points.txt
[1.624s] writing requirements to vanh_ros_control.egg-info/requires.txt
[1.624s] writing top-level names to vanh_ros_control.egg-info/top_level.txt
[1.694s] writing manifest file 'vanh_ros_control.egg-info/SOURCES.txt'
[1.696s] reading manifest file 'vanh_ros_control.egg-info/SOURCES.txt'
[1.696s] writing manifest file 'vanh_ros_control.egg-info/SOURCES.txt'
[1.697s] running build_ext
[1.697s] Creating /home/v005101/Documents/quadruped_robotics/src/install/vanh_ros_control/lib/python3.10/site-packages/vanh-ros-control.egg-link (link to .)
[1.698s] Installing ros_control_node script to /home/v005101/Documents/quadruped_robotics/src/install/vanh_ros_control/lib/vanh_ros_control
[1.698s] 
[1.698s] Installed /home/v005101/Documents/quadruped_robotics/src/build/vanh_ros_control
[1.698s] running symlink_data
[1.698s] creating /home/v005101/Documents/quadruped_robotics/src/install/vanh_ros_control/share/ament_index
[1.699s] creating /home/v005101/Documents/quadruped_robotics/src/install/vanh_ros_control/share/ament_index/resource_index
[1.699s] creating /home/v005101/Documents/quadruped_robotics/src/install/vanh_ros_control/share/ament_index/resource_index/packages
[1.699s] symbolically linking /home/v005101/Documents/quadruped_robotics/src/build/vanh_ros_control/resource/vanh_ros_control -> /home/v005101/Documents/quadruped_robotics/src/install/vanh_ros_control/share/ament_index/resource_index/packages
[1.699s] symbolically linking /home/v005101/Documents/quadruped_robotics/src/build/vanh_ros_control/package.xml -> /home/v005101/Documents/quadruped_robotics/src/install/vanh_ros_control/share/vanh_ros_control
[1.720s] Invoked command in '/home/v005101/Documents/quadruped_robotics/src/build/vanh_ros_control' returned '0': AMENT_PREFIX_PATH=/home/v005101/Documents/quadruped_robotics/src/install/vanh_msgs:${AMENT_PREFIX_PATH} CMAKE_PREFIX_PATH=/home/v005101/Documents/quadruped_robotics/src/install/vanh_msgs:${CMAKE_PREFIX_PATH} PYTHONPATH=/home/v005101/Documents/quadruped_robotics/src/build/vanh_ros_control/prefix_override:/usr/lib/python3/dist-packages/colcon_core/task/python/colcon_distutils_commands:/home/v005101/Documents/quadruped_robotics/src/install/vanh_ros_control/lib/python3.10/site-packages:${PYTHONPATH} /usr/bin/python3 -W ignore:setup.py install is deprecated -W ignore:easy_install command is deprecated setup.py develop --editable --build-directory /home/v005101/Documents/quadruped_robotics/src/build/vanh_ros_control/build --no-deps symlink_data
