[0.012s] Invoking command in '/home/v005101/Documents/quadruped_robotics/src/build/vanh_msgs': CMAKE_PREFIX_PATH=${CMAKE_PREFIX_PATH}:/opt/ros/humble /usr/bin/cmake /home/v005101/Documents/quadruped_robotics/src/vanh_msgs -DAMENT_CMAKE_SYMLINK_INSTALL=1 -DCMAKE_INSTALL_PREFIX=/home/v005101/Documents/quadruped_robotics/src/install/vanh_msgs
[0.211s] -- The C compiler identification is GNU 11.4.0
[0.255s] -- The CXX compiler identification is GNU 11.4.0
[0.261s] -- Detecting C compiler ABI info
[0.304s] -- Detecting C compiler ABI info - done
[0.310s] -- Check for working C compiler: /usr/bin/cc - skipped
[0.310s] -- Detecting C compile features
[0.310s] -- Detecting C compile features - done
[0.312s] -- Detecting CXX compiler ABI info
[0.365s] -- Detecting CXX compiler ABI info - done
[0.372s] -- Check for working CXX compiler: /usr/bin/c++ - skipped
[0.373s] -- Detecting CXX compile features
[0.373s] -- Detecting CXX compile features - done
[0.375s] -- Found ament_cmake: 1.3.14 (/opt/ros/humble/share/ament_cmake/cmake)
[0.482s] -- Found Python3: /usr/bin/python3 (found version "3.10.12") found components: Interpreter 
[0.531s] -- Override CMake install command with custom implementation using symlinks instead of copying resources
[0.601s] -- Found ament_lint_auto: 0.12.15 (/opt/ros/humble/share/ament_lint_auto/cmake)
[0.698s] -- Added test 'lint_cmake' to check CMake code style
[0.698s] -- Added test 'xmllint' to check XML markup files
[0.699s] -- Configuring done
[0.783s] -- Generating done
[0.787s] -- Build files have been written to: /home/v005101/Documents/quadruped_robotics/src/build/vanh_msgs
[0.796s] Invoked command in '/home/v005101/Documents/quadruped_robotics/src/build/vanh_msgs' returned '0': CMAKE_PREFIX_PATH=${CMAKE_PREFIX_PATH}:/opt/ros/humble /usr/bin/cmake /home/v005101/Documents/quadruped_robotics/src/vanh_msgs -DAMENT_CMAKE_SYMLINK_INSTALL=1 -DCMAKE_INSTALL_PREFIX=/home/v005101/Documents/quadruped_robotics/src/install/vanh_msgs
[0.800s] Invoking command in '/home/v005101/Documents/quadruped_robotics/src/build/vanh_msgs': CMAKE_PREFIX_PATH=${CMAKE_PREFIX_PATH}:/opt/ros/humble /usr/bin/cmake --build /home/v005101/Documents/quadruped_robotics/src/build/vanh_msgs -- -j8 -l8
[0.868s] Invoked command in '/home/v005101/Documents/quadruped_robotics/src/build/vanh_msgs' returned '0': CMAKE_PREFIX_PATH=${CMAKE_PREFIX_PATH}:/opt/ros/humble /usr/bin/cmake --build /home/v005101/Documents/quadruped_robotics/src/build/vanh_msgs -- -j8 -l8
[0.879s] Invoking command in '/home/v005101/Documents/quadruped_robotics/src/build/vanh_msgs': CMAKE_PREFIX_PATH=${CMAKE_PREFIX_PATH}:/opt/ros/humble /usr/bin/cmake --install /home/v005101/Documents/quadruped_robotics/src/build/vanh_msgs
[0.884s] -- Install configuration: ""
[0.884s] -- Execute custom install script
[0.884s] -- Symlinking: /home/v005101/Documents/quadruped_robotics/src/install/vanh_msgs/share/ament_index/resource_index/package_run_dependencies/vanh_msgs
[0.890s] -- Symlinking: /home/v005101/Documents/quadruped_robotics/src/install/vanh_msgs/share/ament_index/resource_index/parent_prefix_path/vanh_msgs
[0.896s] -- Symlinking: /home/v005101/Documents/quadruped_robotics/src/install/vanh_msgs/share/vanh_msgs/environment/ament_prefix_path.sh
[0.901s] -- Symlinking: /home/v005101/Documents/quadruped_robotics/src/install/vanh_msgs/share/vanh_msgs/environment/ament_prefix_path.dsv
[0.906s] -- Symlinking: /home/v005101/Documents/quadruped_robotics/src/install/vanh_msgs/share/vanh_msgs/environment/path.sh
[0.912s] -- Symlinking: /home/v005101/Documents/quadruped_robotics/src/install/vanh_msgs/share/vanh_msgs/environment/path.dsv
[0.918s] -- Symlinking: /home/v005101/Documents/quadruped_robotics/src/install/vanh_msgs/share/vanh_msgs/local_setup.bash
[0.925s] -- Symlinking: /home/v005101/Documents/quadruped_robotics/src/install/vanh_msgs/share/vanh_msgs/local_setup.sh
[0.930s] -- Symlinking: /home/v005101/Documents/quadruped_robotics/src/install/vanh_msgs/share/vanh_msgs/local_setup.zsh
[0.936s] -- Symlinking: /home/v005101/Documents/quadruped_robotics/src/install/vanh_msgs/share/vanh_msgs/local_setup.dsv
[0.942s] -- Symlinking: /home/v005101/Documents/quadruped_robotics/src/install/vanh_msgs/share/vanh_msgs/package.dsv
[0.949s] -- Symlinking: /home/v005101/Documents/quadruped_robotics/src/install/vanh_msgs/share/ament_index/resource_index/packages/vanh_msgs
[0.956s] -- Symlinking: /home/v005101/Documents/quadruped_robotics/src/install/vanh_msgs/share/vanh_msgs/cmake/vanh_msgsConfig.cmake
[0.962s] -- Symlinking: /home/v005101/Documents/quadruped_robotics/src/install/vanh_msgs/share/vanh_msgs/cmake/vanh_msgsConfig-version.cmake
[0.968s] -- Symlinking: /home/v005101/Documents/quadruped_robotics/src/install/vanh_msgs/share/vanh_msgs/package.xml
[0.978s] Invoked command in '/home/v005101/Documents/quadruped_robotics/src/build/vanh_msgs' returned '0': CMAKE_PREFIX_PATH=${CMAKE_PREFIX_PATH}:/opt/ros/humble /usr/bin/cmake --install /home/v005101/Documents/quadruped_robotics/src/build/vanh_msgs
