[0.127s] DEBUG:colcon:Command line arguments: ['/usr/bin/colcon', 'build', '--symlink-install']
[0.127s] DEBUG:colcon:Parsed command line arguments: Namespace(log_base=None, log_level=None, verb_name='build', build_base='build', install_base='install', merge_install=False, symlink_install=True, test_result_base=None, continue_on_error=False, executor='parallel', parallel_workers=8, event_handlers=None, ignore_user_meta=False, metas=['./colcon.meta'], base_paths=['.'], packages_ignore=None, packages_ignore_regex=None, paths=None, packages_up_to=None, packages_up_to_regex=None, packages_above=None, packages_above_and_dependencies=None, packages_above_depth=None, packages_select_by_dep=None, packages_skip_by_dep=None, packages_skip_up_to=None, packages_select_build_failed=False, packages_skip_build_finished=False, packages_select_test_failures=False, packages_skip_test_passed=False, packages_select=None, packages_skip=None, packages_select_regex=None, packages_skip_regex=None, packages_start=None, packages_end=None, allow_overriding=[], cmake_args=None, cmake_target=None, cmake_target_skip_unavailable=False, cmake_clean_cache=False, cmake_clean_first=False, cmake_force_configure=False, ament_cmake_args=None, catkin_cmake_args=None, catkin_skip_building_tests=False, mixin_files=None, mixin=None, verb_parser=<colcon_mixin.mixin.mixin_argument.MixinArgumentDecorator object at 0x72ae36877be0>, verb_extension=<colcon_core.verb.build.BuildVerb object at 0x72ae36876e30>, main=<bound method BuildVerb.main of <colcon_core.verb.build.BuildVerb object at 0x72ae36876e30>>, mixin_verb=('build',))
[0.298s] Level 1:colcon.colcon_core.package_discovery:discover_packages(colcon_meta) check parameters
[0.298s] Level 1:colcon.colcon_core.package_discovery:discover_packages(recursive) check parameters
[0.298s] Level 1:colcon.colcon_core.package_discovery:discover_packages(ignore) check parameters
[0.298s] Level 1:colcon.colcon_core.package_discovery:discover_packages(path) check parameters
[0.298s] Level 1:colcon.colcon_core.package_discovery:discover_packages(colcon_meta) discover
[0.298s] Level 1:colcon.colcon_core.package_discovery:discover_packages(recursive) discover
[0.298s] INFO:colcon.colcon_core.package_discovery:Crawling recursively for packages in '/home/v005101/Documents/quadruped_robotics/src'
[0.299s] Level 1:colcon.colcon_core.package_identification:_identify(.) by extensions ['ignore', 'ignore_ament_install']
[0.299s] Level 1:colcon.colcon_core.package_identification:_identify(.) by extension 'ignore'
[0.299s] Level 1:colcon.colcon_core.package_identification:_identify(.) by extension 'ignore_ament_install'
[0.299s] Level 1:colcon.colcon_core.package_identification:_identify(.) by extensions ['colcon_pkg']
[0.299s] Level 1:colcon.colcon_core.package_identification:_identify(.) by extension 'colcon_pkg'
[0.299s] Level 1:colcon.colcon_core.package_identification:_identify(.) by extensions ['colcon_meta']
[0.299s] Level 1:colcon.colcon_core.package_identification:_identify(.) by extension 'colcon_meta'
[0.299s] Level 1:colcon.colcon_core.package_identification:_identify(.) by extensions ['ros']
[0.299s] Level 1:colcon.colcon_core.package_identification:_identify(.) by extension 'ros'
[0.314s] Level 1:colcon.colcon_core.package_identification:_identify(.) by extensions ['cmake', 'python']
[0.314s] Level 1:colcon.colcon_core.package_identification:_identify(.) by extension 'cmake'
[0.314s] Level 1:colcon.colcon_core.package_identification:_identify(.) by extension 'python'
[0.314s] Level 1:colcon.colcon_core.package_identification:_identify(.) by extensions ['python_setup_py']
[0.314s] Level 1:colcon.colcon_core.package_identification:_identify(.) by extension 'python_setup_py'
[0.314s] Level 1:colcon.colcon_core.package_identification:_identify(build) by extensions ['ignore', 'ignore_ament_install']
[0.314s] Level 1:colcon.colcon_core.package_identification:_identify(build) by extension 'ignore'
[0.314s] Level 1:colcon.colcon_core.package_identification:_identify(build) ignored
[0.314s] Level 1:colcon.colcon_core.package_identification:_identify(documents) by extensions ['ignore', 'ignore_ament_install']
[0.314s] Level 1:colcon.colcon_core.package_identification:_identify(documents) by extension 'ignore'
[0.314s] Level 1:colcon.colcon_core.package_identification:_identify(documents) by extension 'ignore_ament_install'
[0.314s] Level 1:colcon.colcon_core.package_identification:_identify(documents) by extensions ['colcon_pkg']
[0.314s] Level 1:colcon.colcon_core.package_identification:_identify(documents) by extension 'colcon_pkg'
[0.314s] Level 1:colcon.colcon_core.package_identification:_identify(documents) by extensions ['colcon_meta']
[0.314s] Level 1:colcon.colcon_core.package_identification:_identify(documents) by extension 'colcon_meta'
[0.314s] Level 1:colcon.colcon_core.package_identification:_identify(documents) by extensions ['ros']
[0.314s] Level 1:colcon.colcon_core.package_identification:_identify(documents) by extension 'ros'
[0.314s] Level 1:colcon.colcon_core.package_identification:_identify(documents) by extensions ['cmake', 'python']
[0.314s] Level 1:colcon.colcon_core.package_identification:_identify(documents) by extension 'cmake'
[0.314s] Level 1:colcon.colcon_core.package_identification:_identify(documents) by extension 'python'
[0.314s] Level 1:colcon.colcon_core.package_identification:_identify(documents) by extensions ['python_setup_py']
[0.314s] Level 1:colcon.colcon_core.package_identification:_identify(documents) by extension 'python_setup_py'
[0.314s] Level 1:colcon.colcon_core.package_identification:_identify(install) by extensions ['ignore', 'ignore_ament_install']
[0.314s] Level 1:colcon.colcon_core.package_identification:_identify(install) by extension 'ignore'
[0.315s] Level 1:colcon.colcon_core.package_identification:_identify(install) ignored
[0.315s] Level 1:colcon.colcon_core.package_identification:_identify(log) by extensions ['ignore', 'ignore_ament_install']
[0.315s] Level 1:colcon.colcon_core.package_identification:_identify(log) by extension 'ignore'
[0.315s] Level 1:colcon.colcon_core.package_identification:_identify(log) ignored
[0.315s] Level 1:colcon.colcon_core.package_identification:_identify(setup) by extensions ['ignore', 'ignore_ament_install']
[0.315s] Level 1:colcon.colcon_core.package_identification:_identify(setup) by extension 'ignore'
[0.315s] Level 1:colcon.colcon_core.package_identification:_identify(setup) by extension 'ignore_ament_install'
[0.315s] Level 1:colcon.colcon_core.package_identification:_identify(setup) by extensions ['colcon_pkg']
[0.315s] Level 1:colcon.colcon_core.package_identification:_identify(setup) by extension 'colcon_pkg'
[0.315s] Level 1:colcon.colcon_core.package_identification:_identify(setup) by extensions ['colcon_meta']
[0.315s] Level 1:colcon.colcon_core.package_identification:_identify(setup) by extension 'colcon_meta'
[0.315s] Level 1:colcon.colcon_core.package_identification:_identify(setup) by extensions ['ros']
[0.315s] Level 1:colcon.colcon_core.package_identification:_identify(setup) by extension 'ros'
[0.315s] Level 1:colcon.colcon_core.package_identification:_identify(setup) by extensions ['cmake', 'python']
[0.315s] Level 1:colcon.colcon_core.package_identification:_identify(setup) by extension 'cmake'
[0.315s] Level 1:colcon.colcon_core.package_identification:_identify(setup) by extension 'python'
[0.315s] Level 1:colcon.colcon_core.package_identification:_identify(setup) by extensions ['python_setup_py']
[0.315s] Level 1:colcon.colcon_core.package_identification:_identify(setup) by extension 'python_setup_py'
[0.315s] Level 1:colcon.colcon_core.package_identification:_identify(vanh_description) by extensions ['ignore', 'ignore_ament_install']
[0.315s] Level 1:colcon.colcon_core.package_identification:_identify(vanh_description) by extension 'ignore'
[0.315s] Level 1:colcon.colcon_core.package_identification:_identify(vanh_description) by extension 'ignore_ament_install'
[0.315s] Level 1:colcon.colcon_core.package_identification:_identify(vanh_description) by extensions ['colcon_pkg']
[0.315s] Level 1:colcon.colcon_core.package_identification:_identify(vanh_description) by extension 'colcon_pkg'
[0.315s] Level 1:colcon.colcon_core.package_identification:_identify(vanh_description) by extensions ['colcon_meta']
[0.315s] Level 1:colcon.colcon_core.package_identification:_identify(vanh_description) by extension 'colcon_meta'
[0.315s] Level 1:colcon.colcon_core.package_identification:_identify(vanh_description) by extensions ['ros']
[0.315s] Level 1:colcon.colcon_core.package_identification:_identify(vanh_description) by extension 'ros'
[0.317s] DEBUG:colcon.colcon_core.package_identification:Package 'vanh_description' with type 'ros.ament_cmake' and name 'vanh_description'
[0.317s] Level 1:colcon.colcon_core.package_identification:_identify(vanh_msgs) by extensions ['ignore', 'ignore_ament_install']
[0.317s] Level 1:colcon.colcon_core.package_identification:_identify(vanh_msgs) by extension 'ignore'
[0.317s] Level 1:colcon.colcon_core.package_identification:_identify(vanh_msgs) by extension 'ignore_ament_install'
[0.317s] Level 1:colcon.colcon_core.package_identification:_identify(vanh_msgs) by extensions ['colcon_pkg']
[0.317s] Level 1:colcon.colcon_core.package_identification:_identify(vanh_msgs) by extension 'colcon_pkg'
[0.317s] Level 1:colcon.colcon_core.package_identification:_identify(vanh_msgs) by extensions ['colcon_meta']
[0.317s] Level 1:colcon.colcon_core.package_identification:_identify(vanh_msgs) by extension 'colcon_meta'
[0.317s] Level 1:colcon.colcon_core.package_identification:_identify(vanh_msgs) by extensions ['ros']
[0.317s] Level 1:colcon.colcon_core.package_identification:_identify(vanh_msgs) by extension 'ros'
[0.317s] DEBUG:colcon.colcon_core.package_identification:Package 'vanh_msgs' with type 'ros.ament_cmake' and name 'vanh_msgs'
[0.318s] Level 1:colcon.colcon_core.package_identification:_identify(vanh_ros_control) by extensions ['ignore', 'ignore_ament_install']
[0.318s] Level 1:colcon.colcon_core.package_identification:_identify(vanh_ros_control) by extension 'ignore'
[0.318s] Level 1:colcon.colcon_core.package_identification:_identify(vanh_ros_control) by extension 'ignore_ament_install'
[0.318s] Level 1:colcon.colcon_core.package_identification:_identify(vanh_ros_control) by extensions ['colcon_pkg']
[0.318s] Level 1:colcon.colcon_core.package_identification:_identify(vanh_ros_control) by extension 'colcon_pkg'
[0.318s] Level 1:colcon.colcon_core.package_identification:_identify(vanh_ros_control) by extensions ['colcon_meta']
[0.318s] Level 1:colcon.colcon_core.package_identification:_identify(vanh_ros_control) by extension 'colcon_meta'
[0.318s] Level 1:colcon.colcon_core.package_identification:_identify(vanh_ros_control) by extensions ['ros']
[0.318s] Level 1:colcon.colcon_core.package_identification:_identify(vanh_ros_control) by extension 'ros'
[0.318s] DEBUG:colcon.colcon_core.package_identification:Package 'vanh_ros_control' with type 'ros.ament_python' and name 'vanh_ros_control'
[0.318s] Level 1:colcon.colcon_core.package_identification:_identify(vanh_ros_simulator) by extensions ['ignore', 'ignore_ament_install']
[0.318s] Level 1:colcon.colcon_core.package_identification:_identify(vanh_ros_simulator) by extension 'ignore'
[0.318s] Level 1:colcon.colcon_core.package_identification:_identify(vanh_ros_simulator) by extension 'ignore_ament_install'
[0.318s] Level 1:colcon.colcon_core.package_identification:_identify(vanh_ros_simulator) by extensions ['colcon_pkg']
[0.318s] Level 1:colcon.colcon_core.package_identification:_identify(vanh_ros_simulator) by extension 'colcon_pkg'
[0.318s] Level 1:colcon.colcon_core.package_identification:_identify(vanh_ros_simulator) by extensions ['colcon_meta']
[0.318s] Level 1:colcon.colcon_core.package_identification:_identify(vanh_ros_simulator) by extension 'colcon_meta'
[0.318s] Level 1:colcon.colcon_core.package_identification:_identify(vanh_ros_simulator) by extensions ['ros']
[0.318s] Level 1:colcon.colcon_core.package_identification:_identify(vanh_ros_simulator) by extension 'ros'
[0.319s] DEBUG:colcon.colcon_core.package_identification:Package 'vanh_ros_simulator' with type 'ros.ament_cmake' and name 'vanh_ros_simulator'
[0.319s] Level 1:colcon.colcon_core.package_discovery:discover_packages(recursive) using defaults
[0.319s] Level 1:colcon.colcon_core.package_discovery:discover_packages(ignore) discover
[0.319s] Level 1:colcon.colcon_core.package_discovery:discover_packages(ignore) using defaults
[0.319s] Level 1:colcon.colcon_core.package_discovery:discover_packages(path) discover
[0.319s] Level 1:colcon.colcon_core.package_discovery:discover_packages(path) using defaults
[0.333s] Level 1:colcon.colcon_core.package_discovery:discover_packages(prefix_path) check parameters
[0.333s] Level 1:colcon.colcon_core.package_discovery:discover_packages(prefix_path) discover
[0.334s] DEBUG:colcon.colcon_installed_package_information.package_discovery:Found 2 installed packages in /home/v005101/Documents/quadruped_robotics/install
[0.335s] DEBUG:colcon.colcon_installed_package_information.package_discovery:Found 378 installed packages in /opt/ros/humble
[0.336s] Level 1:colcon.colcon_core.package_discovery:discover_packages(prefix_path) using defaults
[0.362s] Level 5:colcon.colcon_core.verb:set package 'vanh_description' build argument 'cmake_args' from command line to 'None'
[0.362s] Level 5:colcon.colcon_core.verb:set package 'vanh_description' build argument 'cmake_target' from command line to 'None'
[0.362s] Level 5:colcon.colcon_core.verb:set package 'vanh_description' build argument 'cmake_target_skip_unavailable' from command line to 'False'
[0.362s] Level 5:colcon.colcon_core.verb:set package 'vanh_description' build argument 'cmake_clean_cache' from command line to 'False'
[0.362s] Level 5:colcon.colcon_core.verb:set package 'vanh_description' build argument 'cmake_clean_first' from command line to 'False'
[0.362s] Level 5:colcon.colcon_core.verb:set package 'vanh_description' build argument 'cmake_force_configure' from command line to 'False'
[0.362s] Level 5:colcon.colcon_core.verb:set package 'vanh_description' build argument 'ament_cmake_args' from command line to 'None'
[0.362s] Level 5:colcon.colcon_core.verb:set package 'vanh_description' build argument 'catkin_cmake_args' from command line to 'None'
[0.362s] Level 5:colcon.colcon_core.verb:set package 'vanh_description' build argument 'catkin_skip_building_tests' from command line to 'False'
[0.362s] DEBUG:colcon.colcon_core.verb:Building package 'vanh_description' with the following arguments: {'ament_cmake_args': None, 'build_base': '/home/v005101/Documents/quadruped_robotics/src/build/vanh_description', 'catkin_cmake_args': None, 'catkin_skip_building_tests': False, 'cmake_args': None, 'cmake_clean_cache': False, 'cmake_clean_first': False, 'cmake_force_configure': False, 'cmake_target': None, 'cmake_target_skip_unavailable': False, 'install_base': '/home/v005101/Documents/quadruped_robotics/src/install/vanh_description', 'merge_install': False, 'path': '/home/v005101/Documents/quadruped_robotics/src/vanh_description', 'symlink_install': True, 'test_result_base': None}
[0.363s] Level 5:colcon.colcon_core.verb:set package 'vanh_msgs' build argument 'cmake_args' from command line to 'None'
[0.363s] Level 5:colcon.colcon_core.verb:set package 'vanh_msgs' build argument 'cmake_target' from command line to 'None'
[0.363s] Level 5:colcon.colcon_core.verb:set package 'vanh_msgs' build argument 'cmake_target_skip_unavailable' from command line to 'False'
[0.363s] Level 5:colcon.colcon_core.verb:set package 'vanh_msgs' build argument 'cmake_clean_cache' from command line to 'False'
[0.363s] Level 5:colcon.colcon_core.verb:set package 'vanh_msgs' build argument 'cmake_clean_first' from command line to 'False'
[0.363s] Level 5:colcon.colcon_core.verb:set package 'vanh_msgs' build argument 'cmake_force_configure' from command line to 'False'
[0.363s] Level 5:colcon.colcon_core.verb:set package 'vanh_msgs' build argument 'ament_cmake_args' from command line to 'None'
[0.363s] Level 5:colcon.colcon_core.verb:set package 'vanh_msgs' build argument 'catkin_cmake_args' from command line to 'None'
[0.363s] Level 5:colcon.colcon_core.verb:set package 'vanh_msgs' build argument 'catkin_skip_building_tests' from command line to 'False'
[0.363s] DEBUG:colcon.colcon_core.verb:Building package 'vanh_msgs' with the following arguments: {'ament_cmake_args': None, 'build_base': '/home/v005101/Documents/quadruped_robotics/src/build/vanh_msgs', 'catkin_cmake_args': None, 'catkin_skip_building_tests': False, 'cmake_args': None, 'cmake_clean_cache': False, 'cmake_clean_first': False, 'cmake_force_configure': False, 'cmake_target': None, 'cmake_target_skip_unavailable': False, 'install_base': '/home/v005101/Documents/quadruped_robotics/src/install/vanh_msgs', 'merge_install': False, 'path': '/home/v005101/Documents/quadruped_robotics/src/vanh_msgs', 'symlink_install': True, 'test_result_base': None}
[0.363s] Level 5:colcon.colcon_core.verb:set package 'vanh_ros_simulator' build argument 'cmake_args' from command line to 'None'
[0.363s] Level 5:colcon.colcon_core.verb:set package 'vanh_ros_simulator' build argument 'cmake_target' from command line to 'None'
[0.363s] Level 5:colcon.colcon_core.verb:set package 'vanh_ros_simulator' build argument 'cmake_target_skip_unavailable' from command line to 'False'
[0.363s] Level 5:colcon.colcon_core.verb:set package 'vanh_ros_simulator' build argument 'cmake_clean_cache' from command line to 'False'
[0.363s] Level 5:colcon.colcon_core.verb:set package 'vanh_ros_simulator' build argument 'cmake_clean_first' from command line to 'False'
[0.363s] Level 5:colcon.colcon_core.verb:set package 'vanh_ros_simulator' build argument 'cmake_force_configure' from command line to 'False'
[0.363s] Level 5:colcon.colcon_core.verb:set package 'vanh_ros_simulator' build argument 'ament_cmake_args' from command line to 'None'
[0.363s] Level 5:colcon.colcon_core.verb:set package 'vanh_ros_simulator' build argument 'catkin_cmake_args' from command line to 'None'
[0.363s] Level 5:colcon.colcon_core.verb:set package 'vanh_ros_simulator' build argument 'catkin_skip_building_tests' from command line to 'False'
[0.363s] DEBUG:colcon.colcon_core.verb:Building package 'vanh_ros_simulator' with the following arguments: {'ament_cmake_args': None, 'build_base': '/home/v005101/Documents/quadruped_robotics/src/build/vanh_ros_simulator', 'catkin_cmake_args': None, 'catkin_skip_building_tests': False, 'cmake_args': None, 'cmake_clean_cache': False, 'cmake_clean_first': False, 'cmake_force_configure': False, 'cmake_target': None, 'cmake_target_skip_unavailable': False, 'install_base': '/home/v005101/Documents/quadruped_robotics/src/install/vanh_ros_simulator', 'merge_install': False, 'path': '/home/v005101/Documents/quadruped_robotics/src/vanh_ros_simulator', 'symlink_install': True, 'test_result_base': None}
[0.363s] Level 5:colcon.colcon_core.verb:set package 'vanh_ros_control' build argument 'cmake_args' from command line to 'None'
[0.363s] Level 5:colcon.colcon_core.verb:set package 'vanh_ros_control' build argument 'cmake_target' from command line to 'None'
[0.363s] Level 5:colcon.colcon_core.verb:set package 'vanh_ros_control' build argument 'cmake_target_skip_unavailable' from command line to 'False'
[0.363s] Level 5:colcon.colcon_core.verb:set package 'vanh_ros_control' build argument 'cmake_clean_cache' from command line to 'False'
[0.363s] Level 5:colcon.colcon_core.verb:set package 'vanh_ros_control' build argument 'cmake_clean_first' from command line to 'False'
[0.363s] Level 5:colcon.colcon_core.verb:set package 'vanh_ros_control' build argument 'cmake_force_configure' from command line to 'False'
[0.363s] Level 5:colcon.colcon_core.verb:set package 'vanh_ros_control' build argument 'ament_cmake_args' from command line to 'None'
[0.363s] Level 5:colcon.colcon_core.verb:set package 'vanh_ros_control' build argument 'catkin_cmake_args' from command line to 'None'
[0.363s] Level 5:colcon.colcon_core.verb:set package 'vanh_ros_control' build argument 'catkin_skip_building_tests' from command line to 'False'
[0.363s] DEBUG:colcon.colcon_core.verb:Building package 'vanh_ros_control' with the following arguments: {'ament_cmake_args': None, 'build_base': '/home/v005101/Documents/quadruped_robotics/src/build/vanh_ros_control', 'catkin_cmake_args': None, 'catkin_skip_building_tests': False, 'cmake_args': None, 'cmake_clean_cache': False, 'cmake_clean_first': False, 'cmake_force_configure': False, 'cmake_target': None, 'cmake_target_skip_unavailable': False, 'install_base': '/home/v005101/Documents/quadruped_robotics/src/install/vanh_ros_control', 'merge_install': False, 'path': '/home/v005101/Documents/quadruped_robotics/src/vanh_ros_control', 'symlink_install': True, 'test_result_base': None}
[0.363s] INFO:colcon.colcon_core.executor:Executing jobs using 'parallel' executor
[0.364s] DEBUG:colcon.colcon_parallel_executor.executor.parallel:run_until_complete
[0.364s] INFO:colcon.colcon_ros.task.ament_cmake.build:Building ROS package in '/home/v005101/Documents/quadruped_robotics/src/vanh_msgs' with build type 'ament_cmake'
[0.364s] INFO:colcon.colcon_cmake.task.cmake.build:Building CMake package in '/home/v005101/Documents/quadruped_robotics/src/vanh_msgs'
[0.366s] INFO:colcon.colcon_core.plugin_system:Skipping extension 'colcon_core.shell.bat': Not used on non-Windows systems
[0.366s] INFO:colcon.colcon_core.shell:Skip shell extension 'powershell' for command environment: Not usable outside of PowerShell
[0.366s] DEBUG:colcon.colcon_core.shell:Skip shell extension 'dsv' for command environment
[0.368s] INFO:colcon.colcon_ros.task.ament_cmake.build:Building ROS package in '/home/v005101/Documents/quadruped_robotics/src/vanh_description' with build type 'ament_cmake'
[0.368s] INFO:colcon.colcon_cmake.task.cmake.build:Building CMake package in '/home/v005101/Documents/quadruped_robotics/src/vanh_description'
[0.368s] INFO:colcon.colcon_core.shell:Skip shell extension 'powershell' for command environment: Not usable outside of PowerShell
[0.368s] DEBUG:colcon.colcon_core.shell:Skip shell extension 'dsv' for command environment
[0.370s] INFO:colcon.colcon_ros.task.ament_cmake.build:Building ROS package in '/home/v005101/Documents/quadruped_robotics/src/vanh_ros_simulator' with build type 'ament_cmake'
[0.370s] INFO:colcon.colcon_cmake.task.cmake.build:Building CMake package in '/home/v005101/Documents/quadruped_robotics/src/vanh_ros_simulator'
[0.371s] INFO:colcon.colcon_core.shell:Skip shell extension 'powershell' for command environment: Not usable outside of PowerShell
[0.371s] DEBUG:colcon.colcon_core.shell:Skip shell extension 'dsv' for command environment
[0.377s] DEBUG:colcon.colcon_core.event_handler.log_command:Invoking command in '/home/v005101/Documents/quadruped_robotics/src/build/vanh_msgs': CMAKE_PREFIX_PATH=${CMAKE_PREFIX_PATH}:/opt/ros/humble /usr/bin/cmake /home/v005101/Documents/quadruped_robotics/src/vanh_msgs -DAMENT_CMAKE_SYMLINK_INSTALL=1 -DCMAKE_INSTALL_PREFIX=/home/v005101/Documents/quadruped_robotics/src/install/vanh_msgs
[0.379s] DEBUG:colcon.colcon_core.event_handler.log_command:Invoking command in '/home/v005101/Documents/quadruped_robotics/src/build/vanh_description': CMAKE_PREFIX_PATH=${CMAKE_PREFIX_PATH}:/opt/ros/humble /usr/bin/cmake /home/v005101/Documents/quadruped_robotics/src/vanh_description -DAMENT_CMAKE_SYMLINK_INSTALL=1 -DCMAKE_INSTALL_PREFIX=/home/v005101/Documents/quadruped_robotics/src/install/vanh_description
[0.382s] DEBUG:colcon.colcon_core.event_handler.log_command:Invoking command in '/home/v005101/Documents/quadruped_robotics/src/build/vanh_ros_simulator': CMAKE_PREFIX_PATH=${CMAKE_PREFIX_PATH}:/opt/ros/humble /usr/bin/cmake /home/v005101/Documents/quadruped_robotics/src/vanh_ros_simulator -DAMENT_CMAKE_SYMLINK_INSTALL=1 -DCMAKE_INSTALL_PREFIX=/home/v005101/Documents/quadruped_robotics/src/install/vanh_ros_simulator
[1.161s] DEBUG:colcon.colcon_core.event_handler.log_command:Invoked command in '/home/v005101/Documents/quadruped_robotics/src/build/vanh_msgs' returned '0': CMAKE_PREFIX_PATH=${CMAKE_PREFIX_PATH}:/opt/ros/humble /usr/bin/cmake /home/v005101/Documents/quadruped_robotics/src/vanh_msgs -DAMENT_CMAKE_SYMLINK_INSTALL=1 -DCMAKE_INSTALL_PREFIX=/home/v005101/Documents/quadruped_robotics/src/install/vanh_msgs
[1.165s] DEBUG:colcon.colcon_core.event_handler.log_command:Invoking command in '/home/v005101/Documents/quadruped_robotics/src/build/vanh_msgs': CMAKE_PREFIX_PATH=${CMAKE_PREFIX_PATH}:/opt/ros/humble /usr/bin/cmake --build /home/v005101/Documents/quadruped_robotics/src/build/vanh_msgs -- -j8 -l8
[1.171s] DEBUG:colcon.colcon_core.event_handler.log_command:Invoked command in '/home/v005101/Documents/quadruped_robotics/src/build/vanh_ros_simulator' returned '0': CMAKE_PREFIX_PATH=${CMAKE_PREFIX_PATH}:/opt/ros/humble /usr/bin/cmake /home/v005101/Documents/quadruped_robotics/src/vanh_ros_simulator -DAMENT_CMAKE_SYMLINK_INSTALL=1 -DCMAKE_INSTALL_PREFIX=/home/v005101/Documents/quadruped_robotics/src/install/vanh_ros_simulator
[1.174s] DEBUG:colcon.colcon_core.event_handler.log_command:Invoking command in '/home/v005101/Documents/quadruped_robotics/src/build/vanh_ros_simulator': CMAKE_PREFIX_PATH=${CMAKE_PREFIX_PATH}:/opt/ros/humble /usr/bin/cmake --build /home/v005101/Documents/quadruped_robotics/src/build/vanh_ros_simulator -- -j8 -l8
[1.194s] DEBUG:colcon.colcon_core.event_handler.log_command:Invoked command in '/home/v005101/Documents/quadruped_robotics/src/build/vanh_description' returned '0': CMAKE_PREFIX_PATH=${CMAKE_PREFIX_PATH}:/opt/ros/humble /usr/bin/cmake /home/v005101/Documents/quadruped_robotics/src/vanh_description -DAMENT_CMAKE_SYMLINK_INSTALL=1 -DCMAKE_INSTALL_PREFIX=/home/v005101/Documents/quadruped_robotics/src/install/vanh_description
[1.198s] DEBUG:colcon.colcon_core.event_handler.log_command:Invoking command in '/home/v005101/Documents/quadruped_robotics/src/build/vanh_description': CMAKE_PREFIX_PATH=${CMAKE_PREFIX_PATH}:/opt/ros/humble /usr/bin/cmake --build /home/v005101/Documents/quadruped_robotics/src/build/vanh_description -- -j8 -l8
[1.233s] DEBUG:colcon.colcon_core.event_handler.log_command:Invoked command in '/home/v005101/Documents/quadruped_robotics/src/build/vanh_msgs' returned '0': CMAKE_PREFIX_PATH=${CMAKE_PREFIX_PATH}:/opt/ros/humble /usr/bin/cmake --build /home/v005101/Documents/quadruped_robotics/src/build/vanh_msgs -- -j8 -l8
[1.243s] DEBUG:colcon.colcon_core.event_handler.log_command:Invoking command in '/home/v005101/Documents/quadruped_robotics/src/build/vanh_msgs': CMAKE_PREFIX_PATH=${CMAKE_PREFIX_PATH}:/opt/ros/humble /usr/bin/cmake --install /home/v005101/Documents/quadruped_robotics/src/build/vanh_msgs
[1.244s] DEBUG:colcon.colcon_core.event_handler.log_command:Invoked command in '/home/v005101/Documents/quadruped_robotics/src/build/vanh_description' returned '0': CMAKE_PREFIX_PATH=${CMAKE_PREFIX_PATH}:/opt/ros/humble /usr/bin/cmake --build /home/v005101/Documents/quadruped_robotics/src/build/vanh_description -- -j8 -l8
[1.246s] DEBUG:colcon.colcon_core.event_handler.log_command:Invoking command in '/home/v005101/Documents/quadruped_robotics/src/build/vanh_description': CMAKE_PREFIX_PATH=${CMAKE_PREFIX_PATH}:/opt/ros/humble /usr/bin/cmake --install /home/v005101/Documents/quadruped_robotics/src/build/vanh_description
[1.246s] DEBUG:colcon.colcon_core.event_handler.log_command:Invoked command in '/home/v005101/Documents/quadruped_robotics/src/build/vanh_ros_simulator' returned '0': CMAKE_PREFIX_PATH=${CMAKE_PREFIX_PATH}:/opt/ros/humble /usr/bin/cmake --build /home/v005101/Documents/quadruped_robotics/src/build/vanh_ros_simulator -- -j8 -l8
[1.248s] DEBUG:colcon.colcon_core.event_handler.log_command:Invoking command in '/home/v005101/Documents/quadruped_robotics/src/build/vanh_ros_simulator': CMAKE_PREFIX_PATH=${CMAKE_PREFIX_PATH}:/opt/ros/humble /usr/bin/cmake --install /home/v005101/Documents/quadruped_robotics/src/build/vanh_ros_simulator
[1.341s] Level 1:colcon.colcon_core.environment:create_environment_scripts_only(vanh_msgs)
[1.343s] DEBUG:colcon.colcon_core.event_handler.log_command:Invoked command in '/home/v005101/Documents/quadruped_robotics/src/build/vanh_msgs' returned '0': CMAKE_PREFIX_PATH=${CMAKE_PREFIX_PATH}:/opt/ros/humble /usr/bin/cmake --install /home/v005101/Documents/quadruped_robotics/src/build/vanh_msgs
[1.344s] Level 1:colcon.colcon_core.environment:checking '/home/v005101/Documents/quadruped_robotics/src/install/vanh_msgs' for CMake module files
[1.345s] Level 1:colcon.colcon_core.environment:checking '/home/v005101/Documents/quadruped_robotics/src/install/vanh_msgs' for CMake config files
[1.345s] Level 1:colcon.colcon_core.shell:create_environment_hook('vanh_msgs', 'cmake_prefix_path')
[1.345s] INFO:colcon.colcon_core.shell:Creating environment hook '/home/v005101/Documents/quadruped_robotics/src/install/vanh_msgs/share/vanh_msgs/hook/cmake_prefix_path.ps1'
[1.345s] INFO:colcon.colcon_core.shell:Creating environment descriptor '/home/v005101/Documents/quadruped_robotics/src/install/vanh_msgs/share/vanh_msgs/hook/cmake_prefix_path.dsv'
[1.346s] INFO:colcon.colcon_core.shell:Creating environment hook '/home/v005101/Documents/quadruped_robotics/src/install/vanh_msgs/share/vanh_msgs/hook/cmake_prefix_path.sh'
[1.347s] Level 1:colcon.colcon_core.environment:checking '/home/v005101/Documents/quadruped_robotics/src/install/vanh_msgs/bin'
[1.347s] Level 1:colcon.colcon_core.environment:checking '/home/v005101/Documents/quadruped_robotics/src/install/vanh_msgs/lib/pkgconfig/vanh_msgs.pc'
[1.347s] Level 1:colcon.colcon_core.environment:checking '/home/v005101/Documents/quadruped_robotics/src/install/vanh_msgs/lib/python3.10/site-packages'
[1.347s] Level 1:colcon.colcon_core.environment:checking '/home/v005101/Documents/quadruped_robotics/src/install/vanh_msgs/bin'
[1.347s] INFO:colcon.colcon_core.shell:Creating package script '/home/v005101/Documents/quadruped_robotics/src/install/vanh_msgs/share/vanh_msgs/package.ps1'
[1.348s] INFO:colcon.colcon_core.shell:Creating package descriptor '/home/v005101/Documents/quadruped_robotics/src/install/vanh_msgs/share/vanh_msgs/package.dsv'
[1.348s] INFO:colcon.colcon_core.shell:Creating package script '/home/v005101/Documents/quadruped_robotics/src/install/vanh_msgs/share/vanh_msgs/package.sh'
[1.349s] INFO:colcon.colcon_core.shell:Creating package script '/home/v005101/Documents/quadruped_robotics/src/install/vanh_msgs/share/vanh_msgs/package.bash'
[1.349s] INFO:colcon.colcon_core.shell:Creating package script '/home/v005101/Documents/quadruped_robotics/src/install/vanh_msgs/share/vanh_msgs/package.zsh'
[1.350s] Level 1:colcon.colcon_core.environment:create_file_with_runtime_dependencies(/home/v005101/Documents/quadruped_robotics/src/install/vanh_msgs/share/colcon-core/packages/vanh_msgs)
[1.350s] Level 1:colcon.colcon_core.environment:create_environment_scripts_only(vanh_msgs)
[1.350s] Level 1:colcon.colcon_core.environment:checking '/home/v005101/Documents/quadruped_robotics/src/install/vanh_msgs' for CMake module files
[1.350s] Level 1:colcon.colcon_core.environment:checking '/home/v005101/Documents/quadruped_robotics/src/install/vanh_msgs' for CMake config files
[1.350s] Level 1:colcon.colcon_core.shell:create_environment_hook('vanh_msgs', 'cmake_prefix_path')
[1.351s] INFO:colcon.colcon_core.shell:Creating environment hook '/home/v005101/Documents/quadruped_robotics/src/install/vanh_msgs/share/vanh_msgs/hook/cmake_prefix_path.ps1'
[1.351s] INFO:colcon.colcon_core.shell:Creating environment descriptor '/home/v005101/Documents/quadruped_robotics/src/install/vanh_msgs/share/vanh_msgs/hook/cmake_prefix_path.dsv'
[1.351s] INFO:colcon.colcon_core.shell:Creating environment hook '/home/v005101/Documents/quadruped_robotics/src/install/vanh_msgs/share/vanh_msgs/hook/cmake_prefix_path.sh'
[1.351s] Level 1:colcon.colcon_core.environment:checking '/home/v005101/Documents/quadruped_robotics/src/install/vanh_msgs/bin'
[1.351s] Level 1:colcon.colcon_core.environment:checking '/home/v005101/Documents/quadruped_robotics/src/install/vanh_msgs/lib/pkgconfig/vanh_msgs.pc'
[1.352s] Level 1:colcon.colcon_core.environment:checking '/home/v005101/Documents/quadruped_robotics/src/install/vanh_msgs/lib/python3.10/site-packages'
[1.352s] Level 1:colcon.colcon_core.environment:checking '/home/v005101/Documents/quadruped_robotics/src/install/vanh_msgs/bin'
[1.352s] INFO:colcon.colcon_core.shell:Creating package script '/home/v005101/Documents/quadruped_robotics/src/install/vanh_msgs/share/vanh_msgs/package.ps1'
[1.353s] INFO:colcon.colcon_core.shell:Creating package descriptor '/home/v005101/Documents/quadruped_robotics/src/install/vanh_msgs/share/vanh_msgs/package.dsv'
[1.353s] INFO:colcon.colcon_core.shell:Creating package script '/home/v005101/Documents/quadruped_robotics/src/install/vanh_msgs/share/vanh_msgs/package.sh'
[1.353s] INFO:colcon.colcon_core.shell:Creating package script '/home/v005101/Documents/quadruped_robotics/src/install/vanh_msgs/share/vanh_msgs/package.bash'
[1.353s] INFO:colcon.colcon_core.shell:Creating package script '/home/v005101/Documents/quadruped_robotics/src/install/vanh_msgs/share/vanh_msgs/package.zsh'
[1.354s] Level 1:colcon.colcon_core.environment:create_file_with_runtime_dependencies(/home/v005101/Documents/quadruped_robotics/src/install/vanh_msgs/share/colcon-core/packages/vanh_msgs)
[1.354s] INFO:colcon.colcon_ros.task.ament_python.build:Building ROS package in '/home/v005101/Documents/quadruped_robotics/src/vanh_ros_control' with build type 'ament_python'
[1.354s] Level 1:colcon.colcon_core.shell:create_environment_hook('vanh_ros_control', 'ament_prefix_path')
[1.354s] INFO:colcon.colcon_core.shell:Creating environment hook '/home/v005101/Documents/quadruped_robotics/src/install/vanh_ros_control/share/vanh_ros_control/hook/ament_prefix_path.ps1'
[1.355s] INFO:colcon.colcon_core.shell:Creating environment descriptor '/home/v005101/Documents/quadruped_robotics/src/install/vanh_ros_control/share/vanh_ros_control/hook/ament_prefix_path.dsv'
[1.355s] INFO:colcon.colcon_core.shell:Creating environment hook '/home/v005101/Documents/quadruped_robotics/src/install/vanh_ros_control/share/vanh_ros_control/hook/ament_prefix_path.sh'
[1.355s] INFO:colcon.colcon_core.shell:Skip shell extension 'powershell' for command environment: Not usable outside of PowerShell
[1.355s] DEBUG:colcon.colcon_core.shell:Skip shell extension 'dsv' for command environment
[1.358s] Level 1:colcon.colcon_core.environment:create_environment_scripts_only(vanh_ros_simulator)
[1.358s] Level 1:colcon.colcon_core.environment:checking '/home/v005101/Documents/quadruped_robotics/src/install/vanh_ros_simulator' for CMake module files
[1.358s] DEBUG:colcon.colcon_core.event_handler.log_command:Invoked command in '/home/v005101/Documents/quadruped_robotics/src/build/vanh_ros_simulator' returned '0': CMAKE_PREFIX_PATH=${CMAKE_PREFIX_PATH}:/opt/ros/humble /usr/bin/cmake --install /home/v005101/Documents/quadruped_robotics/src/build/vanh_ros_simulator
[1.358s] Level 1:colcon.colcon_core.environment:checking '/home/v005101/Documents/quadruped_robotics/src/install/vanh_ros_simulator' for CMake config files
[1.359s] Level 1:colcon.colcon_core.shell:create_environment_hook('vanh_ros_simulator', 'cmake_prefix_path')
[1.359s] INFO:colcon.colcon_core.shell:Creating environment hook '/home/v005101/Documents/quadruped_robotics/src/install/vanh_ros_simulator/share/vanh_ros_simulator/hook/cmake_prefix_path.ps1'
[1.359s] INFO:colcon.colcon_core.shell:Creating environment descriptor '/home/v005101/Documents/quadruped_robotics/src/install/vanh_ros_simulator/share/vanh_ros_simulator/hook/cmake_prefix_path.dsv'
[1.359s] INFO:colcon.colcon_core.shell:Creating environment hook '/home/v005101/Documents/quadruped_robotics/src/install/vanh_ros_simulator/share/vanh_ros_simulator/hook/cmake_prefix_path.sh'
[1.359s] Level 1:colcon.colcon_core.environment:checking '/home/v005101/Documents/quadruped_robotics/src/install/vanh_ros_simulator/bin'
[1.359s] Level 1:colcon.colcon_core.environment:checking '/home/v005101/Documents/quadruped_robotics/src/install/vanh_ros_simulator/lib/pkgconfig/vanh_ros_simulator.pc'
[1.360s] Level 1:colcon.colcon_core.environment:checking '/home/v005101/Documents/quadruped_robotics/src/install/vanh_ros_simulator/lib/python3.10/site-packages'
[1.360s] Level 1:colcon.colcon_core.environment:checking '/home/v005101/Documents/quadruped_robotics/src/install/vanh_ros_simulator/bin'
[1.360s] INFO:colcon.colcon_core.shell:Creating package script '/home/v005101/Documents/quadruped_robotics/src/install/vanh_ros_simulator/share/vanh_ros_simulator/package.ps1'
[1.361s] INFO:colcon.colcon_core.shell:Creating package descriptor '/home/v005101/Documents/quadruped_robotics/src/install/vanh_ros_simulator/share/vanh_ros_simulator/package.dsv'
[1.361s] INFO:colcon.colcon_core.shell:Creating package script '/home/v005101/Documents/quadruped_robotics/src/install/vanh_ros_simulator/share/vanh_ros_simulator/package.sh'
[1.361s] INFO:colcon.colcon_core.shell:Creating package script '/home/v005101/Documents/quadruped_robotics/src/install/vanh_ros_simulator/share/vanh_ros_simulator/package.bash'
[1.362s] INFO:colcon.colcon_core.shell:Creating package script '/home/v005101/Documents/quadruped_robotics/src/install/vanh_ros_simulator/share/vanh_ros_simulator/package.zsh'
[1.362s] Level 1:colcon.colcon_core.environment:create_file_with_runtime_dependencies(/home/v005101/Documents/quadruped_robotics/src/install/vanh_ros_simulator/share/colcon-core/packages/vanh_ros_simulator)
[1.362s] Level 1:colcon.colcon_core.environment:create_environment_scripts_only(vanh_ros_simulator)
[1.362s] Level 1:colcon.colcon_core.environment:checking '/home/v005101/Documents/quadruped_robotics/src/install/vanh_ros_simulator' for CMake module files
[1.363s] Level 1:colcon.colcon_core.environment:checking '/home/v005101/Documents/quadruped_robotics/src/install/vanh_ros_simulator' for CMake config files
[1.363s] Level 1:colcon.colcon_core.shell:create_environment_hook('vanh_ros_simulator', 'cmake_prefix_path')
[1.363s] INFO:colcon.colcon_core.shell:Creating environment hook '/home/v005101/Documents/quadruped_robotics/src/install/vanh_ros_simulator/share/vanh_ros_simulator/hook/cmake_prefix_path.ps1'
[1.363s] INFO:colcon.colcon_core.shell:Creating environment descriptor '/home/v005101/Documents/quadruped_robotics/src/install/vanh_ros_simulator/share/vanh_ros_simulator/hook/cmake_prefix_path.dsv'
[1.364s] INFO:colcon.colcon_core.shell:Creating environment hook '/home/v005101/Documents/quadruped_robotics/src/install/vanh_ros_simulator/share/vanh_ros_simulator/hook/cmake_prefix_path.sh'
[1.364s] Level 1:colcon.colcon_core.environment:checking '/home/v005101/Documents/quadruped_robotics/src/install/vanh_ros_simulator/bin'
[1.364s] Level 1:colcon.colcon_core.environment:checking '/home/v005101/Documents/quadruped_robotics/src/install/vanh_ros_simulator/lib/pkgconfig/vanh_ros_simulator.pc'
[1.364s] Level 1:colcon.colcon_core.environment:checking '/home/v005101/Documents/quadruped_robotics/src/install/vanh_ros_simulator/lib/python3.10/site-packages'
[1.365s] Level 1:colcon.colcon_core.environment:checking '/home/v005101/Documents/quadruped_robotics/src/install/vanh_ros_simulator/bin'
[1.365s] INFO:colcon.colcon_core.shell:Creating package script '/home/v005101/Documents/quadruped_robotics/src/install/vanh_ros_simulator/share/vanh_ros_simulator/package.ps1'
[1.365s] INFO:colcon.colcon_core.shell:Creating package descriptor '/home/v005101/Documents/quadruped_robotics/src/install/vanh_ros_simulator/share/vanh_ros_simulator/package.dsv'
[1.365s] INFO:colcon.colcon_core.shell:Creating package script '/home/v005101/Documents/quadruped_robotics/src/install/vanh_ros_simulator/share/vanh_ros_simulator/package.sh'
[1.366s] INFO:colcon.colcon_core.shell:Creating package script '/home/v005101/Documents/quadruped_robotics/src/install/vanh_ros_simulator/share/vanh_ros_simulator/package.bash'
[1.366s] INFO:colcon.colcon_core.shell:Creating package script '/home/v005101/Documents/quadruped_robotics/src/install/vanh_ros_simulator/share/vanh_ros_simulator/package.zsh'
[1.366s] Level 1:colcon.colcon_core.environment:create_file_with_runtime_dependencies(/home/v005101/Documents/quadruped_robotics/src/install/vanh_ros_simulator/share/colcon-core/packages/vanh_ros_simulator)
[1.613s] INFO:colcon.colcon_core.task.python.build:Building Python package in '/home/v005101/Documents/quadruped_robotics/src/vanh_ros_control'
[1.613s] INFO:colcon.colcon_core.shell:Skip shell extension 'powershell' for command environment: Not usable outside of PowerShell
[1.613s] DEBUG:colcon.colcon_core.shell:Skip shell extension 'dsv' for command environment
[1.616s] Level 1:colcon.colcon_core.environment:create_environment_scripts_only(vanh_description)
[1.616s] Level 1:colcon.colcon_core.environment:checking '/home/v005101/Documents/quadruped_robotics/src/install/vanh_description' for CMake module files
[1.617s] DEBUG:colcon.colcon_core.event_handler.log_command:Invoked command in '/home/v005101/Documents/quadruped_robotics/src/build/vanh_description' returned '0': CMAKE_PREFIX_PATH=${CMAKE_PREFIX_PATH}:/opt/ros/humble /usr/bin/cmake --install /home/v005101/Documents/quadruped_robotics/src/build/vanh_description
[1.617s] Level 1:colcon.colcon_core.environment:checking '/home/v005101/Documents/quadruped_robotics/src/install/vanh_description' for CMake config files
[1.617s] Level 1:colcon.colcon_core.shell:create_environment_hook('vanh_description', 'cmake_prefix_path')
[1.617s] INFO:colcon.colcon_core.shell:Creating environment hook '/home/v005101/Documents/quadruped_robotics/src/install/vanh_description/share/vanh_description/hook/cmake_prefix_path.ps1'
[1.618s] INFO:colcon.colcon_core.shell:Creating environment descriptor '/home/v005101/Documents/quadruped_robotics/src/install/vanh_description/share/vanh_description/hook/cmake_prefix_path.dsv'
[1.618s] INFO:colcon.colcon_core.shell:Creating environment hook '/home/v005101/Documents/quadruped_robotics/src/install/vanh_description/share/vanh_description/hook/cmake_prefix_path.sh'
[1.618s] Level 1:colcon.colcon_core.environment:checking '/home/v005101/Documents/quadruped_robotics/src/install/vanh_description/bin'
[1.618s] Level 1:colcon.colcon_core.environment:checking '/home/v005101/Documents/quadruped_robotics/src/install/vanh_description/lib/pkgconfig/vanh_description.pc'
[1.618s] Level 1:colcon.colcon_core.environment:checking '/home/v005101/Documents/quadruped_robotics/src/install/vanh_description/lib/python3.10/site-packages'
[1.619s] Level 1:colcon.colcon_core.environment:checking '/home/v005101/Documents/quadruped_robotics/src/install/vanh_description/bin'
[1.619s] INFO:colcon.colcon_core.shell:Creating package script '/home/v005101/Documents/quadruped_robotics/src/install/vanh_description/share/vanh_description/package.ps1'
[1.619s] INFO:colcon.colcon_core.shell:Creating package descriptor '/home/v005101/Documents/quadruped_robotics/src/install/vanh_description/share/vanh_description/package.dsv'
[1.619s] INFO:colcon.colcon_core.shell:Creating package script '/home/v005101/Documents/quadruped_robotics/src/install/vanh_description/share/vanh_description/package.sh'
[1.620s] INFO:colcon.colcon_core.shell:Creating package script '/home/v005101/Documents/quadruped_robotics/src/install/vanh_description/share/vanh_description/package.bash'
[1.620s] INFO:colcon.colcon_core.shell:Creating package script '/home/v005101/Documents/quadruped_robotics/src/install/vanh_description/share/vanh_description/package.zsh'
[1.620s] Level 1:colcon.colcon_core.environment:create_file_with_runtime_dependencies(/home/v005101/Documents/quadruped_robotics/src/install/vanh_description/share/colcon-core/packages/vanh_description)
[1.620s] Level 1:colcon.colcon_core.environment:create_environment_scripts_only(vanh_description)
[1.620s] Level 1:colcon.colcon_core.environment:checking '/home/v005101/Documents/quadruped_robotics/src/install/vanh_description' for CMake module files
[1.621s] Level 1:colcon.colcon_core.environment:checking '/home/v005101/Documents/quadruped_robotics/src/install/vanh_description' for CMake config files
[1.621s] Level 1:colcon.colcon_core.shell:create_environment_hook('vanh_description', 'cmake_prefix_path')
[1.621s] INFO:colcon.colcon_core.shell:Creating environment hook '/home/v005101/Documents/quadruped_robotics/src/install/vanh_description/share/vanh_description/hook/cmake_prefix_path.ps1'
[1.621s] INFO:colcon.colcon_core.shell:Creating environment descriptor '/home/v005101/Documents/quadruped_robotics/src/install/vanh_description/share/vanh_description/hook/cmake_prefix_path.dsv'
[1.621s] INFO:colcon.colcon_core.shell:Creating environment hook '/home/v005101/Documents/quadruped_robotics/src/install/vanh_description/share/vanh_description/hook/cmake_prefix_path.sh'
[1.622s] Level 1:colcon.colcon_core.environment:checking '/home/v005101/Documents/quadruped_robotics/src/install/vanh_description/bin'
[1.622s] Level 1:colcon.colcon_core.environment:checking '/home/v005101/Documents/quadruped_robotics/src/install/vanh_description/lib/pkgconfig/vanh_description.pc'
[1.622s] Level 1:colcon.colcon_core.environment:checking '/home/v005101/Documents/quadruped_robotics/src/install/vanh_description/lib/python3.10/site-packages'
[1.622s] Level 1:colcon.colcon_core.environment:checking '/home/v005101/Documents/quadruped_robotics/src/install/vanh_description/bin'
[1.622s] INFO:colcon.colcon_core.shell:Creating package script '/home/v005101/Documents/quadruped_robotics/src/install/vanh_description/share/vanh_description/package.ps1'
[1.622s] INFO:colcon.colcon_core.shell:Creating package descriptor '/home/v005101/Documents/quadruped_robotics/src/install/vanh_description/share/vanh_description/package.dsv'
[1.623s] INFO:colcon.colcon_core.shell:Creating package script '/home/v005101/Documents/quadruped_robotics/src/install/vanh_description/share/vanh_description/package.sh'
[1.623s] INFO:colcon.colcon_core.shell:Creating package script '/home/v005101/Documents/quadruped_robotics/src/install/vanh_description/share/vanh_description/package.bash'
[1.623s] INFO:colcon.colcon_core.shell:Creating package script '/home/v005101/Documents/quadruped_robotics/src/install/vanh_description/share/vanh_description/package.zsh'
[1.623s] Level 1:colcon.colcon_core.environment:create_file_with_runtime_dependencies(/home/v005101/Documents/quadruped_robotics/src/install/vanh_description/share/colcon-core/packages/vanh_description)
[2.493s] DEBUG:colcon.colcon_core.task.python.build:Available setuptools commands: install_data, rotate, build_scripts, sdist, setopt, install_headers, register, build_clib, install, build, install_scripts, alias, compile_catalog, develop, bdist, dist_info, build_py, install_egg_info, clean, upload, extract_messages, build_ext, easy_install, init_catalog, bdist_dumb, egg_info, upload_docs, symlink_data, test, update_catalog, check, install_lib, bdist_rpm, saveopts, bdist_wheel, bdist_egg
[2.685s] DEBUG:colcon.colcon_core.task.python.build:Available setuptools 'develop' options: --exclude-scripts, --user, --index-url, --always-unzip, --no-find-links, --multi-version, --build-directory, --no-user-cfg, --local-snapshots-ok, --allow-hosts, --dry-run, --force-installation-into-system-dir, --quiet, --script-dir, --verbose, --zip-ok, --prefix, --site-dirs, --uninstall, --no-deps, --install-layout, --help, --upgrade, --editable, --find-links, --version, --egg-path, --install-dir, --optimize, --record, --always-copy
[2.686s] DEBUG:colcon.colcon_core.event_handler.log_command:Invoking command in '/home/v005101/Documents/quadruped_robotics/src/build/vanh_ros_control': AMENT_PREFIX_PATH=/home/v005101/Documents/quadruped_robotics/src/install/vanh_msgs:${AMENT_PREFIX_PATH} CMAKE_PREFIX_PATH=/home/v005101/Documents/quadruped_robotics/src/install/vanh_msgs:${CMAKE_PREFIX_PATH} PYTHONPATH=/home/v005101/Documents/quadruped_robotics/src/build/vanh_ros_control/prefix_override:/usr/lib/python3/dist-packages/colcon_core/task/python/colcon_distutils_commands:/home/v005101/Documents/quadruped_robotics/src/install/vanh_ros_control/lib/python3.10/site-packages:${PYTHONPATH} /usr/bin/python3 -W ignore:setup.py install is deprecated -W ignore:easy_install command is deprecated setup.py develop --editable --build-directory /home/v005101/Documents/quadruped_robotics/src/build/vanh_ros_control/build --no-deps symlink_data
[3.074s] Level 1:colcon.colcon_core.shell:create_environment_hook('vanh_ros_control', 'pythonpath_develop')
[3.074s] INFO:colcon.colcon_core.shell:Creating environment hook '/home/v005101/Documents/quadruped_robotics/src/build/vanh_ros_control/share/vanh_ros_control/hook/pythonpath_develop.ps1'
[3.075s] DEBUG:colcon.colcon_core.event_handler.log_command:Invoked command in '/home/v005101/Documents/quadruped_robotics/src/build/vanh_ros_control' returned '0': AMENT_PREFIX_PATH=/home/v005101/Documents/quadruped_robotics/src/install/vanh_msgs:${AMENT_PREFIX_PATH} CMAKE_PREFIX_PATH=/home/v005101/Documents/quadruped_robotics/src/install/vanh_msgs:${CMAKE_PREFIX_PATH} PYTHONPATH=/home/v005101/Documents/quadruped_robotics/src/build/vanh_ros_control/prefix_override:/usr/lib/python3/dist-packages/colcon_core/task/python/colcon_distutils_commands:/home/v005101/Documents/quadruped_robotics/src/install/vanh_ros_control/lib/python3.10/site-packages:${PYTHONPATH} /usr/bin/python3 -W ignore:setup.py install is deprecated -W ignore:easy_install command is deprecated setup.py develop --editable --build-directory /home/v005101/Documents/quadruped_robotics/src/build/vanh_ros_control/build --no-deps symlink_data
[3.075s] INFO:colcon.colcon_core.shell:Creating environment descriptor '/home/v005101/Documents/quadruped_robotics/src/build/vanh_ros_control/share/vanh_ros_control/hook/pythonpath_develop.dsv'
[3.075s] INFO:colcon.colcon_core.shell:Creating environment hook '/home/v005101/Documents/quadruped_robotics/src/build/vanh_ros_control/share/vanh_ros_control/hook/pythonpath_develop.sh'
[3.076s] Level 1:colcon.colcon_core.environment:checking '/home/v005101/Documents/quadruped_robotics/src/install/vanh_ros_control' for CMake module files
[3.077s] Level 1:colcon.colcon_core.environment:checking '/home/v005101/Documents/quadruped_robotics/src/install/vanh_ros_control' for CMake config files
[3.077s] Level 1:colcon.colcon_core.environment:checking '/home/v005101/Documents/quadruped_robotics/src/install/vanh_ros_control/lib'
[3.077s] Level 1:colcon.colcon_core.environment:checking '/home/v005101/Documents/quadruped_robotics/src/install/vanh_ros_control/bin'
[3.078s] Level 1:colcon.colcon_core.environment:checking '/home/v005101/Documents/quadruped_robotics/src/install/vanh_ros_control/lib/pkgconfig/vanh_ros_control.pc'
[3.078s] Level 1:colcon.colcon_core.environment:checking '/home/v005101/Documents/quadruped_robotics/src/install/vanh_ros_control/lib/python3.10/site-packages'
[3.078s] Level 1:colcon.colcon_core.shell:create_environment_hook('vanh_ros_control', 'pythonpath')
[3.078s] INFO:colcon.colcon_core.shell:Creating environment hook '/home/v005101/Documents/quadruped_robotics/src/install/vanh_ros_control/share/vanh_ros_control/hook/pythonpath.ps1'
[3.079s] INFO:colcon.colcon_core.shell:Creating environment descriptor '/home/v005101/Documents/quadruped_robotics/src/install/vanh_ros_control/share/vanh_ros_control/hook/pythonpath.dsv'
[3.079s] INFO:colcon.colcon_core.shell:Creating environment hook '/home/v005101/Documents/quadruped_robotics/src/install/vanh_ros_control/share/vanh_ros_control/hook/pythonpath.sh'
[3.080s] Level 1:colcon.colcon_core.environment:checking '/home/v005101/Documents/quadruped_robotics/src/install/vanh_ros_control/bin'
[3.080s] Level 1:colcon.colcon_core.environment:create_environment_scripts_only(vanh_ros_control)
[3.080s] INFO:colcon.colcon_core.shell:Creating package script '/home/v005101/Documents/quadruped_robotics/src/install/vanh_ros_control/share/vanh_ros_control/package.ps1'
[3.081s] INFO:colcon.colcon_core.shell:Creating package descriptor '/home/v005101/Documents/quadruped_robotics/src/install/vanh_ros_control/share/vanh_ros_control/package.dsv'
[3.081s] INFO:colcon.colcon_core.shell:Creating package script '/home/v005101/Documents/quadruped_robotics/src/install/vanh_ros_control/share/vanh_ros_control/package.sh'
[3.081s] INFO:colcon.colcon_core.shell:Creating package script '/home/v005101/Documents/quadruped_robotics/src/install/vanh_ros_control/share/vanh_ros_control/package.bash'
[3.082s] INFO:colcon.colcon_core.shell:Creating package script '/home/v005101/Documents/quadruped_robotics/src/install/vanh_ros_control/share/vanh_ros_control/package.zsh'
[3.082s] Level 1:colcon.colcon_core.environment:create_file_with_runtime_dependencies(/home/v005101/Documents/quadruped_robotics/src/install/vanh_ros_control/share/colcon-core/packages/vanh_ros_control)
[3.082s] DEBUG:colcon.colcon_parallel_executor.executor.parallel:closing loop
[3.082s] DEBUG:colcon.colcon_parallel_executor.executor.parallel:loop closed
[3.082s] DEBUG:colcon.colcon_parallel_executor.executor.parallel:run_until_complete finished with '0'
[3.082s] DEBUG:colcon.colcon_core.event_reactor:joining thread
[3.086s] INFO:colcon.colcon_core.plugin_system:Skipping extension 'colcon_notification.desktop_notification.terminal_notifier': Not used on non-Darwin systems
[3.086s] INFO:colcon.colcon_core.plugin_system:Skipping extension 'colcon_notification.desktop_notification.win32': Not used on non-Windows systems
[3.086s] INFO:colcon.colcon_notification.desktop_notification:Sending desktop notification using 'notify2'
[3.096s] DEBUG:colcon.colcon_core.event_reactor:joined thread
[3.097s] INFO:colcon.colcon_core.shell:Creating prefix script '/home/v005101/Documents/quadruped_robotics/src/install/local_setup.ps1'
[3.097s] INFO:colcon.colcon_core.shell:Creating prefix util module '/home/v005101/Documents/quadruped_robotics/src/install/_local_setup_util_ps1.py'
[3.098s] INFO:colcon.colcon_core.shell:Creating prefix chain script '/home/v005101/Documents/quadruped_robotics/src/install/setup.ps1'
[3.099s] INFO:colcon.colcon_core.shell:Creating prefix script '/home/v005101/Documents/quadruped_robotics/src/install/local_setup.sh'
[3.100s] INFO:colcon.colcon_core.shell:Creating prefix util module '/home/v005101/Documents/quadruped_robotics/src/install/_local_setup_util_sh.py'
[3.100s] INFO:colcon.colcon_core.shell:Creating prefix chain script '/home/v005101/Documents/quadruped_robotics/src/install/setup.sh'
[3.101s] INFO:colcon.colcon_core.shell:Creating prefix script '/home/v005101/Documents/quadruped_robotics/src/install/local_setup.bash'
[3.101s] INFO:colcon.colcon_core.shell:Creating prefix chain script '/home/v005101/Documents/quadruped_robotics/src/install/setup.bash'
[3.102s] INFO:colcon.colcon_core.shell:Creating prefix script '/home/v005101/Documents/quadruped_robotics/src/install/local_setup.zsh'
[3.102s] INFO:colcon.colcon_core.shell:Creating prefix chain script '/home/v005101/Documents/quadruped_robotics/src/install/setup.zsh'
