[0.011s] Invoking command in '/home/v005101/Documents/quadruped_robotics/src/build/vanh_ros_simulator': CMAKE_PREFIX_PATH=${CMAKE_PREFIX_PATH}:/opt/ros/humble /usr/bin/cmake /home/v005101/Documents/quadruped_robotics/src/vanh_ros_simulator -DAMENT_CMAKE_SYMLINK_INSTALL=1 -DCMAKE_INSTALL_PREFIX=/home/v005101/Documents/quadruped_robotics/src/install/vanh_ros_simulator
[0.206s] -- The C compiler identification is GNU 11.4.0
[0.253s] -- The CXX compiler identification is GNU 11.4.0
[0.258s] -- Detecting C compiler ABI info
[0.301s] -- Detecting C compiler ABI info - done
[0.309s] -- Check for working C compiler: /usr/bin/cc - skipped
[0.309s] -- Detecting C compile features
[0.309s] -- Detecting C compile features - done
[0.312s] -- Detecting CXX compiler ABI info
[0.363s] -- Detecting CXX compiler ABI info - done
[0.371s] -- Check for working CXX compiler: /usr/bin/c++ - skipped
[0.372s] -- Detecting CXX compile features
[0.372s] -- Detecting CXX compile features - done
[0.374s] -- Found ament_cmake: 1.3.14 (/opt/ros/humble/share/ament_cmake/cmake)
[0.480s] -- Found Python3: /usr/bin/python3 (found version "3.10.12") found components: Interpreter 
[0.528s] -- Override CMake install command with custom implementation using symlinks instead of copying resources
[0.595s] -- Found ament_lint_auto: 0.12.15 (/opt/ros/humble/share/ament_lint_auto/cmake)
[0.694s] -- Added test 'lint_cmake' to check CMake code style
[0.695s] -- Added test 'xmllint' to check XML markup files
[0.777s] -- Configuring done
[0.786s] -- Generating done
[0.791s] -- Build files have been written to: /home/v005101/Documents/quadruped_robotics/src/build/vanh_ros_simulator
[0.800s] Invoked command in '/home/v005101/Documents/quadruped_robotics/src/build/vanh_ros_simulator' returned '0': CMAKE_PREFIX_PATH=${CMAKE_PREFIX_PATH}:/opt/ros/humble /usr/bin/cmake /home/v005101/Documents/quadruped_robotics/src/vanh_ros_simulator -DAMENT_CMAKE_SYMLINK_INSTALL=1 -DCMAKE_INSTALL_PREFIX=/home/v005101/Documents/quadruped_robotics/src/install/vanh_ros_simulator
[0.804s] Invoking command in '/home/v005101/Documents/quadruped_robotics/src/build/vanh_ros_simulator': CMAKE_PREFIX_PATH=${CMAKE_PREFIX_PATH}:/opt/ros/humble /usr/bin/cmake --build /home/v005101/Documents/quadruped_robotics/src/build/vanh_ros_simulator -- -j8 -l8
[0.876s] Invoked command in '/home/v005101/Documents/quadruped_robotics/src/build/vanh_ros_simulator' returned '0': CMAKE_PREFIX_PATH=${CMAKE_PREFIX_PATH}:/opt/ros/humble /usr/bin/cmake --build /home/v005101/Documents/quadruped_robotics/src/build/vanh_ros_simulator -- -j8 -l8
[0.877s] Invoking command in '/home/v005101/Documents/quadruped_robotics/src/build/vanh_ros_simulator': CMAKE_PREFIX_PATH=${CMAKE_PREFIX_PATH}:/opt/ros/humble /usr/bin/cmake --install /home/v005101/Documents/quadruped_robotics/src/build/vanh_ros_simulator
[0.882s] -- Install configuration: ""
[0.882s] -- Execute custom install script
[0.882s] -- Symlinking: /home/v005101/Documents/quadruped_robotics/src/install/vanh_ros_simulator/share/ament_index/resource_index/package_run_dependencies/vanh_ros_simulator
[0.888s] -- Symlinking: /home/v005101/Documents/quadruped_robotics/src/install/vanh_ros_simulator/share/ament_index/resource_index/parent_prefix_path/vanh_ros_simulator
[0.894s] -- Symlinking: /home/v005101/Documents/quadruped_robotics/src/install/vanh_ros_simulator/share/vanh_ros_simulator/environment/ament_prefix_path.sh
[0.899s] -- Symlinking: /home/v005101/Documents/quadruped_robotics/src/install/vanh_ros_simulator/share/vanh_ros_simulator/environment/ament_prefix_path.dsv
[0.905s] -- Symlinking: /home/v005101/Documents/quadruped_robotics/src/install/vanh_ros_simulator/share/vanh_ros_simulator/environment/path.sh
[0.911s] -- Symlinking: /home/v005101/Documents/quadruped_robotics/src/install/vanh_ros_simulator/share/vanh_ros_simulator/environment/path.dsv
[0.918s] -- Symlinking: /home/v005101/Documents/quadruped_robotics/src/install/vanh_ros_simulator/share/vanh_ros_simulator/local_setup.bash
[0.924s] -- Symlinking: /home/v005101/Documents/quadruped_robotics/src/install/vanh_ros_simulator/share/vanh_ros_simulator/local_setup.sh
[0.930s] -- Symlinking: /home/v005101/Documents/quadruped_robotics/src/install/vanh_ros_simulator/share/vanh_ros_simulator/local_setup.zsh
[0.936s] -- Symlinking: /home/v005101/Documents/quadruped_robotics/src/install/vanh_ros_simulator/share/vanh_ros_simulator/local_setup.dsv
[0.946s] -- Symlinking: /home/v005101/Documents/quadruped_robotics/src/install/vanh_ros_simulator/share/vanh_ros_simulator/package.dsv
[0.950s] -- Symlinking: /home/v005101/Documents/quadruped_robotics/src/install/vanh_ros_simulator/share/ament_index/resource_index/packages/vanh_ros_simulator
[0.956s] -- Symlinking: /home/v005101/Documents/quadruped_robotics/src/install/vanh_ros_simulator/share/vanh_ros_simulator/cmake/vanh_ros_simulatorConfig.cmake
[0.963s] -- Symlinking: /home/v005101/Documents/quadruped_robotics/src/install/vanh_ros_simulator/share/vanh_ros_simulator/cmake/vanh_ros_simulatorConfig-version.cmake
[0.969s] -- Symlinking: /home/v005101/Documents/quadruped_robotics/src/install/vanh_ros_simulator/share/vanh_ros_simulator/package.xml
[0.988s] Invoked command in '/home/v005101/Documents/quadruped_robotics/src/build/vanh_ros_simulator' returned '0': CMAKE_PREFIX_PATH=${CMAKE_PREFIX_PATH}:/opt/ros/humble /usr/bin/cmake --install /home/v005101/Documents/quadruped_robotics/src/build/vanh_ros_simulator
